
===========================================================================
report_checks -path_delay min (Hold)
============================================================================
======================= Typical Corner ===================================

Startpoint: B[31] (input port clocked by __VIRTUAL_CLK__)
Endpoint: result[0] (output port clocked by __VIRTUAL_CLK__)
Path Group: __VIRTUAL_CLK__
Path Type: min

Fanout     Cap    Slew   Delay    Time   Description
-----------------------------------------------------------------------------
                  0.00    0.00    0.00   clock __VIRTUAL_CLK__ (rise edge)
                          0.00    0.00   clock network delay (ideal)
                          2.00    2.00 ^ input external delay
                  0.06    0.04    2.04 ^ B[31] (in)
     4    0.01                           B[31] (net)
                  0.06    0.00    2.04 ^ _7441_/A (sky130_fd_sc_hd__or2b_2)
                  0.03    0.09    2.13 ^ _7441_/X (sky130_fd_sc_hd__or2b_2)
     1    0.00                           _3067_ (net)
                  0.03    0.00    2.13 ^ _7443_/A2 (sky130_fd_sc_hd__a21o_2)
                  0.04    0.11    2.25 ^ _7443_/X (sky130_fd_sc_hd__a21o_2)
     2    0.01                           _3069_ (net)
                  0.04    0.00    2.25 ^ _7455_/A (sky130_fd_sc_hd__nand3_2)
                  0.21    0.16    2.41 v _7455_/Y (sky130_fd_sc_hd__nand3_2)
     1    0.03                           result[0] (net)
                  0.21    0.00    2.41 v result[0] (out)
                                  2.41   data arrival time

                  0.00    0.00    0.00   clock __VIRTUAL_CLK__ (rise edge)
                          0.00    0.00   clock network delay (ideal)
                          0.25    0.25   clock uncertainty
                          0.00    0.25   clock reconvergence pessimism
                         -2.00   -1.75   output external delay
                                 -1.75   data required time
-----------------------------------------------------------------------------
                                 -1.75   data required time
                                 -2.41   data arrival time
-----------------------------------------------------------------------------
                                  4.16   slack (MET)


Startpoint: B[30] (input port clocked by __VIRTUAL_CLK__)
Endpoint: result[31] (output port clocked by __VIRTUAL_CLK__)
Path Group: __VIRTUAL_CLK__
Path Type: min

Fanout     Cap    Slew   Delay    Time   Description
-----------------------------------------------------------------------------
                  0.00    0.00    0.00   clock __VIRTUAL_CLK__ (rise edge)
                          0.00    0.00   clock network delay (ideal)
                          2.00    2.00 v input external delay
                  0.05    0.03    2.03 v B[30] (in)
     6    0.02                           B[30] (net)
                  0.05    0.00    2.03 v _7260_/B (sky130_fd_sc_hd__nand2_2)
                  0.08    0.09    2.12 ^ _7260_/Y (sky130_fd_sc_hd__nand2_2)
     3    0.01                           _2871_ (net)
                  0.08    0.00    2.12 ^ _7274_/A1 (sky130_fd_sc_hd__a31o_2)
                  0.03    0.13    2.24 ^ _7274_/X (sky130_fd_sc_hd__a31o_2)
     1    0.00                           _2885_ (net)
                  0.03    0.00    2.24 ^ _7275_/B (sky130_fd_sc_hd__or2_2)
                  0.05    0.10    2.34 ^ _7275_/X (sky130_fd_sc_hd__or2_2)
     2    0.01                           _2886_ (net)
                  0.05    0.00    2.34 ^ _7421_/A (sky130_fd_sc_hd__nand2_2)
                  0.14    0.12    2.46 v _7421_/Y (sky130_fd_sc_hd__nand2_2)
     1    0.03                           result[31] (net)
                  0.14    0.00    2.46 v result[31] (out)
                                  2.46   data arrival time

                  0.00    0.00    0.00   clock __VIRTUAL_CLK__ (rise edge)
                          0.00    0.00   clock network delay (ideal)
                          0.25    0.25   clock uncertainty
                          0.00    0.25   clock reconvergence pessimism
                         -2.00   -1.75   output external delay
                                 -1.75   data required time
-----------------------------------------------------------------------------
                                 -1.75   data required time
                                 -2.46   data arrival time
-----------------------------------------------------------------------------
                                  4.21   slack (MET)


Startpoint: control[0] (input port clocked by __VIRTUAL_CLK__)
Endpoint: result[4] (output port clocked by __VIRTUAL_CLK__)
Path Group: __VIRTUAL_CLK__
Path Type: min

Fanout     Cap    Slew   Delay    Time   Description
-----------------------------------------------------------------------------
                  0.00    0.00    0.00   clock __VIRTUAL_CLK__ (rise edge)
                          0.00    0.00   clock network delay (ideal)
                          2.00    2.00 v input external delay
                  0.04    0.03    2.03 v control[0] (in)
     9    0.02                           control[0] (net)
                  0.04    0.00    2.03 v _3788_/A (sky130_fd_sc_hd__inv_2)
                  0.07    0.07    2.10 ^ _3788_/Y (sky130_fd_sc_hd__inv_2)
     5    0.01                           _0630_ (net)
                  0.07    0.00    2.10 ^ _3790_/A (sky130_fd_sc_hd__nor2_2)
                  0.05    0.06    2.17 v _3790_/Y (sky130_fd_sc_hd__nor2_2)
     8    0.02                           _0652_ (net)
                  0.05    0.00    2.17 v _3993_/A2 (sky130_fd_sc_hd__a31o_2)
                  0.11    0.30    2.46 v _3993_/X (sky130_fd_sc_hd__a31o_2)
     2    0.03                           result[4] (net)
                  0.11    0.00    2.46 v result[4] (out)
                                  2.46   data arrival time

                  0.00    0.00    0.00   clock __VIRTUAL_CLK__ (rise edge)
                          0.00    0.00   clock network delay (ideal)
                          0.25    0.25   clock uncertainty
                          0.00    0.25   clock reconvergence pessimism
                         -2.00   -1.75   output external delay
                                 -1.75   data required time
-----------------------------------------------------------------------------
                                 -1.75   data required time
                                 -2.46   data arrival time
-----------------------------------------------------------------------------
                                  4.21   slack (MET)


Startpoint: control[0] (input port clocked by __VIRTUAL_CLK__)
Endpoint: result[5] (output port clocked by __VIRTUAL_CLK__)
Path Group: __VIRTUAL_CLK__
Path Type: min

Fanout     Cap    Slew   Delay    Time   Description
-----------------------------------------------------------------------------
                  0.00    0.00    0.00   clock __VIRTUAL_CLK__ (rise edge)
                          0.00    0.00   clock network delay (ideal)
                          2.00    2.00 v input external delay
                  0.04    0.03    2.03 v control[0] (in)
     9    0.02                           control[0] (net)
                  0.04    0.00    2.03 v _3788_/A (sky130_fd_sc_hd__inv_2)
                  0.07    0.07    2.10 ^ _3788_/Y (sky130_fd_sc_hd__inv_2)
     5    0.01                           _0630_ (net)
                  0.07    0.00    2.10 ^ _3790_/A (sky130_fd_sc_hd__nor2_2)
                  0.05    0.06    2.17 v _3790_/Y (sky130_fd_sc_hd__nor2_2)
     8    0.02                           _0652_ (net)
                  0.05    0.00    2.17 v _4085_/A1 (sky130_fd_sc_hd__a211o_2)
                  0.12    0.37    2.53 v _4085_/X (sky130_fd_sc_hd__a211o_2)
     2    0.03                           result[5] (net)
                  0.12    0.00    2.53 v result[5] (out)
                                  2.53   data arrival time

                  0.00    0.00    0.00   clock __VIRTUAL_CLK__ (rise edge)
                          0.00    0.00   clock network delay (ideal)
                          0.25    0.25   clock uncertainty
                          0.00    0.25   clock reconvergence pessimism
                         -2.00   -1.75   output external delay
                                 -1.75   data required time
-----------------------------------------------------------------------------
                                 -1.75   data required time
                                 -2.53   data arrival time
-----------------------------------------------------------------------------
                                  4.28   slack (MET)


Startpoint: B[2] (input port clocked by __VIRTUAL_CLK__)
Endpoint: result[2] (output port clocked by __VIRTUAL_CLK__)
Path Group: __VIRTUAL_CLK__
Path Type: min

Fanout     Cap    Slew   Delay    Time   Description
-----------------------------------------------------------------------------
                  0.00    0.00    0.00   clock __VIRTUAL_CLK__ (rise edge)
                          0.00    0.00   clock network delay (ideal)
                          2.00    2.00 ^ input external delay
                  0.04    0.03    2.03 ^ B[2] (in)
     5    0.01                           B[2] (net)
                  0.04    0.00    2.03 ^ _3755_/A (sky130_fd_sc_hd__and2_2)
                  0.06    0.14    2.17 ^ _3755_/X (sky130_fd_sc_hd__and2_2)
     3    0.01                           _0270_ (net)
                  0.06    0.00    2.17 ^ _7481_/A1 (sky130_fd_sc_hd__a22oi_2)
                  0.04    0.06    2.23 v _7481_/Y (sky130_fd_sc_hd__a22oi_2)
     1    0.00                           _3109_ (net)
                  0.04    0.00    2.23 v _7482_/C1 (sky130_fd_sc_hd__o221a_2)
                  0.03    0.11    2.34 v _7482_/X (sky130_fd_sc_hd__o221a_2)
     1    0.00                           _3110_ (net)
                  0.03    0.00    2.34 v _7483_/B1 (sky130_fd_sc_hd__o21ai_2)
                  0.04    0.04    2.38 ^ _7483_/Y (sky130_fd_sc_hd__o21ai_2)
     1    0.00                           _3111_ (net)
                  0.04    0.00    2.38 ^ _7484_/C1 (sky130_fd_sc_hd__a211o_2)
                  0.17    0.18    2.56 ^ _7484_/X (sky130_fd_sc_hd__a211o_2)
     2    0.03                           result[2] (net)
                  0.17    0.00    2.56 ^ result[2] (out)
                                  2.56   data arrival time

                  0.00    0.00    0.00   clock __VIRTUAL_CLK__ (rise edge)
                          0.00    0.00   clock network delay (ideal)
                          0.25    0.25   clock uncertainty
                          0.00    0.25   clock reconvergence pessimism
                         -2.00   -1.75   output external delay
                                 -1.75   data required time
-----------------------------------------------------------------------------
                                 -1.75   data required time
                                 -2.56   data arrival time
-----------------------------------------------------------------------------
                                  4.31   slack (MET)


Startpoint: B[30] (input port clocked by __VIRTUAL_CLK__)
Endpoint: result[30] (output port clocked by __VIRTUAL_CLK__)
Path Group: __VIRTUAL_CLK__
Path Type: min

Fanout     Cap    Slew   Delay    Time   Description
-----------------------------------------------------------------------------
                  0.00    0.00    0.00   clock __VIRTUAL_CLK__ (rise edge)
                          0.00    0.00   clock network delay (ideal)
                          2.00    2.00 ^ input external delay
                  0.11    0.07    2.07 ^ B[30] (in)
     6    0.02                           B[30] (net)
                  0.11    0.00    2.07 ^ _7099_/B (sky130_fd_sc_hd__nor2_2)
                  0.04    0.06    2.13 v _7099_/Y (sky130_fd_sc_hd__nor2_2)
     3    0.01                           _2694_ (net)
                  0.04    0.00    2.13 v _7262_/A (sky130_fd_sc_hd__nor2_2)
                  0.06    0.08    2.21 ^ _7262_/Y (sky130_fd_sc_hd__nor2_2)
     1    0.00                           _2873_ (net)
                  0.06    0.00    2.21 ^ _7267_/B1 (sky130_fd_sc_hd__a211o_2)
                  0.02    0.09    2.30 ^ _7267_/X (sky130_fd_sc_hd__a211o_2)
     1    0.00                           _2878_ (net)
                  0.02    0.00    2.30 ^ _7268_/C1 (sky130_fd_sc_hd__a311o_2)
                  0.03    0.08    2.38 ^ _7268_/X (sky130_fd_sc_hd__a311o_2)
     1    0.00                           _2879_ (net)
                  0.03    0.00    2.38 ^ _7269_/B1 (sky130_fd_sc_hd__a31o_2)
                  0.20    0.20    2.57 ^ _7269_/X (sky130_fd_sc_hd__a31o_2)
     2    0.04                           result[30] (net)
                  0.20    0.00    2.57 ^ result[30] (out)
                                  2.57   data arrival time

                  0.00    0.00    0.00   clock __VIRTUAL_CLK__ (rise edge)
                          0.00    0.00   clock network delay (ideal)
                          0.25    0.25   clock uncertainty
                          0.00    0.25   clock reconvergence pessimism
                         -2.00   -1.75   output external delay
                                 -1.75   data required time
-----------------------------------------------------------------------------
                                 -1.75   data required time
                                 -2.57   data arrival time
-----------------------------------------------------------------------------
                                  4.32   slack (MET)


Startpoint: A[31] (input port clocked by __VIRTUAL_CLK__)
Endpoint: result[3] (output port clocked by __VIRTUAL_CLK__)
Path Group: __VIRTUAL_CLK__
Path Type: min

Fanout     Cap    Slew   Delay    Time   Description
-----------------------------------------------------------------------------
                  0.00    0.00    0.00   clock __VIRTUAL_CLK__ (rise edge)
                          0.00    0.00   clock network delay (ideal)
                          2.00    2.00 ^ input external delay
                  0.06    0.04    2.04 ^ A[31] (in)
     6    0.01                           A[31] (net)
                  0.06    0.00    2.04 ^ _7459_/A2 (sky130_fd_sc_hd__a41o_2)
                  0.03    0.16    2.20 ^ _7459_/X (sky130_fd_sc_hd__a41o_2)
     1    0.00                           _3085_ (net)
                  0.03    0.00    2.20 ^ _7469_/A2 (sky130_fd_sc_hd__a21bo_2)
                  0.03    0.10    2.30 ^ _7469_/X (sky130_fd_sc_hd__a21bo_2)
     1    0.00                           _3096_ (net)
                  0.03    0.00    2.30 ^ _7470_/A (sky130_fd_sc_hd__buf_1)
                  0.41    0.31    2.61 ^ _7470_/X (sky130_fd_sc_hd__buf_1)
     2    0.04                           result[3] (net)
                  0.41    0.00    2.61 ^ result[3] (out)
                                  2.61   data arrival time

                  0.00    0.00    0.00   clock __VIRTUAL_CLK__ (rise edge)
                          0.00    0.00   clock network delay (ideal)
                          0.25    0.25   clock uncertainty
                          0.00    0.25   clock reconvergence pessimism
                         -2.00   -1.75   output external delay
                                 -1.75   data required time
-----------------------------------------------------------------------------
                                 -1.75   data required time
                                 -2.61   data arrival time
-----------------------------------------------------------------------------
                                  4.36   slack (MET)


Startpoint: control[0] (input port clocked by __VIRTUAL_CLK__)
Endpoint: result[8] (output port clocked by __VIRTUAL_CLK__)
Path Group: __VIRTUAL_CLK__
Path Type: min

Fanout     Cap    Slew   Delay    Time   Description
-----------------------------------------------------------------------------
                  0.00    0.00    0.00   clock __VIRTUAL_CLK__ (rise edge)
                          0.00    0.00   clock network delay (ideal)
                          2.00    2.00 v input external delay
                  0.04    0.03    2.03 v control[0] (in)
     9    0.02                           control[0] (net)
                  0.04    0.00    2.03 v _3788_/A (sky130_fd_sc_hd__inv_2)
                  0.07    0.07    2.10 ^ _3788_/Y (sky130_fd_sc_hd__inv_2)
     5    0.01                           _0630_ (net)
                  0.07    0.00    2.10 ^ _3790_/A (sky130_fd_sc_hd__nor2_2)
                  0.05    0.06    2.17 v _3790_/Y (sky130_fd_sc_hd__nor2_2)
     8    0.02                           _0652_ (net)
                  0.05    0.00    2.17 v _4312_/A1 (sky130_fd_sc_hd__a31o_2)
                  0.03    0.18    2.35 v _4312_/X (sky130_fd_sc_hd__a31o_2)
     1    0.00                           _3418_ (net)
                  0.03    0.00    2.35 v _4313_/B1 (sky130_fd_sc_hd__a31o_2)
                  0.11    0.28    2.62 v _4313_/X (sky130_fd_sc_hd__a31o_2)
     2    0.03                           result[8] (net)
                  0.11    0.00    2.62 v result[8] (out)
                                  2.62   data arrival time

                  0.00    0.00    0.00   clock __VIRTUAL_CLK__ (rise edge)
                          0.00    0.00   clock network delay (ideal)
                          0.25    0.25   clock uncertainty
                          0.00    0.25   clock reconvergence pessimism
                         -2.00   -1.75   output external delay
                                 -1.75   data required time
-----------------------------------------------------------------------------
                                 -1.75   data required time
                                 -2.62   data arrival time
-----------------------------------------------------------------------------
                                  4.37   slack (MET)


Startpoint: control[0] (input port clocked by __VIRTUAL_CLK__)
Endpoint: result[11] (output port clocked by __VIRTUAL_CLK__)
Path Group: __VIRTUAL_CLK__
Path Type: min

Fanout     Cap    Slew   Delay    Time   Description
-----------------------------------------------------------------------------
                  0.00    0.00    0.00   clock __VIRTUAL_CLK__ (rise edge)
                          0.00    0.00   clock network delay (ideal)
                          2.00    2.00 v input external delay
                  0.04    0.03    2.03 v control[0] (in)
     9    0.02                           control[0] (net)
                  0.04    0.00    2.03 v _3788_/A (sky130_fd_sc_hd__inv_2)
                  0.07    0.07    2.10 ^ _3788_/Y (sky130_fd_sc_hd__inv_2)
     5    0.01                           _0630_ (net)
                  0.07    0.00    2.10 ^ _3790_/A (sky130_fd_sc_hd__nor2_2)
                  0.05    0.06    2.17 v _3790_/Y (sky130_fd_sc_hd__nor2_2)
     8    0.02                           _0652_ (net)
                  0.05    0.00    2.17 v _4614_/A1 (sky130_fd_sc_hd__a31o_2)
                  0.03    0.18    2.35 v _4614_/X (sky130_fd_sc_hd__a31o_2)
     1    0.00                           _3717_ (net)
                  0.03    0.00    2.35 v _4615_/B1 (sky130_fd_sc_hd__a31o_2)
                  0.11    0.28    2.62 v _4615_/X (sky130_fd_sc_hd__a31o_2)
     2    0.03                           result[11] (net)
                  0.11    0.00    2.62 v result[11] (out)
                                  2.62   data arrival time

                  0.00    0.00    0.00   clock __VIRTUAL_CLK__ (rise edge)
                          0.00    0.00   clock network delay (ideal)
                          0.25    0.25   clock uncertainty
                          0.00    0.25   clock reconvergence pessimism
                         -2.00   -1.75   output external delay
                                 -1.75   data required time
-----------------------------------------------------------------------------
                                 -1.75   data required time
                                 -2.62   data arrival time
-----------------------------------------------------------------------------
                                  4.37   slack (MET)


Startpoint: B[14] (input port clocked by __VIRTUAL_CLK__)
Endpoint: result[15] (output port clocked by __VIRTUAL_CLK__)
Path Group: __VIRTUAL_CLK__
Path Type: min

Fanout     Cap    Slew   Delay    Time   Description
-----------------------------------------------------------------------------
                  0.00    0.00    0.00   clock __VIRTUAL_CLK__ (rise edge)
                          0.00    0.00   clock network delay (ideal)
                          2.00    2.00 v input external delay
                  0.05    0.04    2.04 v B[14] (in)
     6    0.02                           B[14] (net)
                  0.05    0.00    2.04 v _4942_/A (sky130_fd_sc_hd__inv_2)
                  0.07    0.08    2.11 ^ _4942_/Y (sky130_fd_sc_hd__inv_2)
     4    0.01                           _0337_ (net)
                  0.07    0.00    2.11 ^ _5023_/A2 (sky130_fd_sc_hd__a21oi_2)
                  0.03    0.07    2.18 v _5023_/Y (sky130_fd_sc_hd__a21oi_2)
     1    0.01                           _0426_ (net)
                  0.03    0.00    2.18 v _5024_/B (sky130_fd_sc_hd__xnor2_2)
                  0.03    0.10    2.27 ^ _5024_/Y (sky130_fd_sc_hd__xnor2_2)
     1    0.00                           _0427_ (net)
                  0.03    0.00    2.27 ^ _5039_/A2 (sky130_fd_sc_hd__a211o_2)
                  0.03    0.10    2.38 ^ _5039_/X (sky130_fd_sc_hd__a211o_2)
     1    0.00                           _0443_ (net)
                  0.03    0.00    2.38 ^ _5040_/B1 (sky130_fd_sc_hd__a31o_2)
                  0.03    0.08    2.45 ^ _5040_/X (sky130_fd_sc_hd__a31o_2)
     1    0.00                           _0444_ (net)
                  0.03    0.00    2.45 ^ _5041_/B1 (sky130_fd_sc_hd__a21o_2)
                  0.18    0.18    2.63 ^ _5041_/X (sky130_fd_sc_hd__a21o_2)
     2    0.03                           result[15] (net)
                  0.18    0.00    2.63 ^ result[15] (out)
                                  2.63   data arrival time

                  0.00    0.00    0.00   clock __VIRTUAL_CLK__ (rise edge)
                          0.00    0.00   clock network delay (ideal)
                          0.25    0.25   clock uncertainty
                          0.00    0.25   clock reconvergence pessimism
                         -2.00   -1.75   output external delay
                                 -1.75   data required time
-----------------------------------------------------------------------------
                                 -1.75   data required time
                                 -2.63   data arrival time
-----------------------------------------------------------------------------
                                  4.38   slack (MET)


Startpoint: control[1] (input port clocked by __VIRTUAL_CLK__)
Endpoint: result[14] (output port clocked by __VIRTUAL_CLK__)
Path Group: __VIRTUAL_CLK__
Path Type: min

Fanout     Cap    Slew   Delay    Time   Description
-----------------------------------------------------------------------------
                  0.00    0.00    0.00   clock __VIRTUAL_CLK__ (rise edge)
                          0.00    0.00   clock network delay (ideal)
                          2.00    2.00 v input external delay
                  0.03    0.02    2.02 v control[1] (in)
     6    0.01                           control[1] (net)
                  0.03    0.00    2.02 v _3837_/A (sky130_fd_sc_hd__buf_1)
                  0.10    0.13    2.15 v _3837_/X (sky130_fd_sc_hd__buf_1)
    10    0.02                           _1165_ (net)
                  0.10    0.00    2.15 v _4083_/D_N (sky130_fd_sc_hd__or4bb_2)
                  0.12    0.25    2.40 ^ _4083_/X (sky130_fd_sc_hd__or4bb_2)
     8    0.02                           _3192_ (net)
                  0.12    0.00    2.40 ^ _4900_/B1 (sky130_fd_sc_hd__a21o_2)
                  0.04    0.11    2.51 ^ _4900_/X (sky130_fd_sc_hd__a21o_2)
     1    0.00                           _0291_ (net)
                  0.04    0.00    2.51 ^ _4926_/A2 (sky130_fd_sc_hd__o21ai_2)
                  0.14    0.12    2.63 v _4926_/Y (sky130_fd_sc_hd__o21ai_2)
     2    0.03                           result[14] (net)
                  0.14    0.00    2.63 v result[14] (out)
                                  2.63   data arrival time

                  0.00    0.00    0.00   clock __VIRTUAL_CLK__ (rise edge)
                          0.00    0.00   clock network delay (ideal)
                          0.25    0.25   clock uncertainty
                          0.00    0.25   clock reconvergence pessimism
                         -2.00   -1.75   output external delay
                                 -1.75   data required time
-----------------------------------------------------------------------------
                                 -1.75   data required time
                                 -2.63   data arrival time
-----------------------------------------------------------------------------
                                  4.38   slack (MET)


Startpoint: control[0] (input port clocked by __VIRTUAL_CLK__)
Endpoint: result[17] (output port clocked by __VIRTUAL_CLK__)
Path Group: __VIRTUAL_CLK__
Path Type: min

Fanout     Cap    Slew   Delay    Time   Description
-----------------------------------------------------------------------------
                  0.00    0.00    0.00   clock __VIRTUAL_CLK__ (rise edge)
                          0.00    0.00   clock network delay (ideal)
                          2.00    2.00 v input external delay
                  0.04    0.03    2.03 v control[0] (in)
     9    0.02                           control[0] (net)
                  0.04    0.00    2.03 v _3788_/A (sky130_fd_sc_hd__inv_2)
                  0.07    0.07    2.10 ^ _3788_/Y (sky130_fd_sc_hd__inv_2)
     5    0.01                           _0630_ (net)
                  0.07    0.00    2.10 ^ _3790_/A (sky130_fd_sc_hd__nor2_2)
                  0.05    0.06    2.17 v _3790_/Y (sky130_fd_sc_hd__nor2_2)
     8    0.02                           _0652_ (net)
                  0.05    0.00    2.17 v _4467_/A (sky130_fd_sc_hd__buf_1)
                  0.16    0.18    2.35 v _4467_/X (sky130_fd_sc_hd__buf_1)
    10    0.03                           _3571_ (net)
                  0.16    0.00    2.35 v _5272_/A (sky130_fd_sc_hd__nand2_2)
                  0.04    0.09    2.44 ^ _5272_/Y (sky130_fd_sc_hd__nand2_2)
     1    0.00                           _0698_ (net)
                  0.04    0.00    2.44 ^ _5290_/B1 (sky130_fd_sc_hd__o211ai_2)
                  0.22    0.20    2.64 v _5290_/Y (sky130_fd_sc_hd__o211ai_2)
     2    0.03                           result[17] (net)
                  0.22    0.00    2.64 v result[17] (out)
                                  2.64   data arrival time

                  0.00    0.00    0.00   clock __VIRTUAL_CLK__ (rise edge)
                          0.00    0.00   clock network delay (ideal)
                          0.25    0.25   clock uncertainty
                          0.00    0.25   clock reconvergence pessimism
                         -2.00   -1.75   output external delay
                                 -1.75   data required time
-----------------------------------------------------------------------------
                                 -1.75   data required time
                                 -2.64   data arrival time
-----------------------------------------------------------------------------
                                  4.39   slack (MET)


Startpoint: control[0] (input port clocked by __VIRTUAL_CLK__)
Endpoint: result[21] (output port clocked by __VIRTUAL_CLK__)
Path Group: __VIRTUAL_CLK__
Path Type: min

Fanout     Cap    Slew   Delay    Time   Description
-----------------------------------------------------------------------------
                  0.00    0.00    0.00   clock __VIRTUAL_CLK__ (rise edge)
                          0.00    0.00   clock network delay (ideal)
                          2.00    2.00 v input external delay
                  0.04    0.03    2.03 v control[0] (in)
     9    0.02                           control[0] (net)
                  0.04    0.00    2.03 v _3788_/A (sky130_fd_sc_hd__inv_2)
                  0.07    0.07    2.10 ^ _3788_/Y (sky130_fd_sc_hd__inv_2)
     5    0.01                           _0630_ (net)
                  0.07    0.00    2.10 ^ _3790_/A (sky130_fd_sc_hd__nor2_2)
                  0.05    0.06    2.17 v _3790_/Y (sky130_fd_sc_hd__nor2_2)
     8    0.02                           _0652_ (net)
                  0.05    0.00    2.17 v _4467_/A (sky130_fd_sc_hd__buf_1)
                  0.16    0.18    2.35 v _4467_/X (sky130_fd_sc_hd__buf_1)
    10    0.03                           _3571_ (net)
                  0.16    0.00    2.35 v _5817_/A1 (sky130_fd_sc_hd__a21oi_2)
                  0.09    0.15    2.50 ^ _5817_/Y (sky130_fd_sc_hd__a21oi_2)
     1    0.00                           _1293_ (net)
                  0.09    0.00    2.50 ^ _5818_/B1 (sky130_fd_sc_hd__o21ai_2)
                  0.14    0.14    2.64 v _5818_/Y (sky130_fd_sc_hd__o21ai_2)
     2    0.03                           result[21] (net)
                  0.14    0.00    2.64 v result[21] (out)
                                  2.64   data arrival time

                  0.00    0.00    0.00   clock __VIRTUAL_CLK__ (rise edge)
                          0.00    0.00   clock network delay (ideal)
                          0.25    0.25   clock uncertainty
                          0.00    0.25   clock reconvergence pessimism
                         -2.00   -1.75   output external delay
                                 -1.75   data required time
-----------------------------------------------------------------------------
                                 -1.75   data required time
                                 -2.64   data arrival time
-----------------------------------------------------------------------------
                                  4.39   slack (MET)


Startpoint: control[0] (input port clocked by __VIRTUAL_CLK__)
Endpoint: result[23] (output port clocked by __VIRTUAL_CLK__)
Path Group: __VIRTUAL_CLK__
Path Type: min

Fanout     Cap    Slew   Delay    Time   Description
-----------------------------------------------------------------------------
                  0.00    0.00    0.00   clock __VIRTUAL_CLK__ (rise edge)
                          0.00    0.00   clock network delay (ideal)
                          2.00    2.00 v input external delay
                  0.04    0.03    2.03 v control[0] (in)
     9    0.02                           control[0] (net)
                  0.04    0.00    2.03 v _3788_/A (sky130_fd_sc_hd__inv_2)
                  0.07    0.07    2.10 ^ _3788_/Y (sky130_fd_sc_hd__inv_2)
     5    0.01                           _0630_ (net)
                  0.07    0.00    2.10 ^ _3790_/A (sky130_fd_sc_hd__nor2_2)
                  0.05    0.06    2.17 v _3790_/Y (sky130_fd_sc_hd__nor2_2)
     8    0.02                           _0652_ (net)
                  0.05    0.00    2.17 v _4467_/A (sky130_fd_sc_hd__buf_1)
                  0.16    0.18    2.35 v _4467_/X (sky130_fd_sc_hd__buf_1)
    10    0.03                           _3571_ (net)
                  0.16    0.00    2.35 v _6104_/A1 (sky130_fd_sc_hd__a31o_2)
                  0.11    0.31    2.66 v _6104_/X (sky130_fd_sc_hd__a31o_2)
     2    0.03                           result[23] (net)
                  0.11    0.00    2.66 v result[23] (out)
                                  2.66   data arrival time

                  0.00    0.00    0.00   clock __VIRTUAL_CLK__ (rise edge)
                          0.00    0.00   clock network delay (ideal)
                          0.25    0.25   clock uncertainty
                          0.00    0.25   clock reconvergence pessimism
                         -2.00   -1.75   output external delay
                                 -1.75   data required time
-----------------------------------------------------------------------------
                                 -1.75   data required time
                                 -2.66   data arrival time
-----------------------------------------------------------------------------
                                  4.41   slack (MET)


Startpoint: control[1] (input port clocked by __VIRTUAL_CLK__)
Endpoint: result[18] (output port clocked by __VIRTUAL_CLK__)
Path Group: __VIRTUAL_CLK__
Path Type: min

Fanout     Cap    Slew   Delay    Time   Description
-----------------------------------------------------------------------------
                  0.00    0.00    0.00   clock __VIRTUAL_CLK__ (rise edge)
                          0.00    0.00   clock network delay (ideal)
                          2.00    2.00 v input external delay
                  0.03    0.02    2.02 v control[1] (in)
     6    0.01                           control[1] (net)
                  0.03    0.00    2.02 v _3837_/A (sky130_fd_sc_hd__buf_1)
                  0.10    0.13    2.15 v _3837_/X (sky130_fd_sc_hd__buf_1)
    10    0.02                           _1165_ (net)
                  0.10    0.00    2.15 v _4083_/D_N (sky130_fd_sc_hd__or4bb_2)
                  0.12    0.25    2.40 ^ _4083_/X (sky130_fd_sc_hd__or4bb_2)
     8    0.02                           _3192_ (net)
                  0.12    0.00    2.40 ^ _5389_/A (sky130_fd_sc_hd__or2_2)
                  0.04    0.13    2.53 ^ _5389_/X (sky130_fd_sc_hd__or2_2)
     1    0.00                           _0825_ (net)
                  0.04    0.00    2.53 ^ _5421_/A2 (sky130_fd_sc_hd__o21ai_2)
                  0.15    0.13    2.66 v _5421_/Y (sky130_fd_sc_hd__o21ai_2)
     2    0.04                           result[18] (net)
                  0.15    0.00    2.66 v result[18] (out)
                                  2.66   data arrival time

                  0.00    0.00    0.00   clock __VIRTUAL_CLK__ (rise edge)
                          0.00    0.00   clock network delay (ideal)
                          0.25    0.25   clock uncertainty
                          0.00    0.25   clock reconvergence pessimism
                         -2.00   -1.75   output external delay
                                 -1.75   data required time
-----------------------------------------------------------------------------
                                 -1.75   data required time
                                 -2.66   data arrival time
-----------------------------------------------------------------------------
                                  4.41   slack (MET)


Startpoint: control[0] (input port clocked by __VIRTUAL_CLK__)
Endpoint: result[7] (output port clocked by __VIRTUAL_CLK__)
Path Group: __VIRTUAL_CLK__
Path Type: min

Fanout     Cap    Slew   Delay    Time   Description
-----------------------------------------------------------------------------
                  0.00    0.00    0.00   clock __VIRTUAL_CLK__ (rise edge)
                          0.00    0.00   clock network delay (ideal)
                          2.00    2.00 v input external delay
                  0.04    0.03    2.03 v control[0] (in)
     9    0.02                           control[0] (net)
                  0.04    0.00    2.03 v _3788_/A (sky130_fd_sc_hd__inv_2)
                  0.07    0.07    2.10 ^ _3788_/Y (sky130_fd_sc_hd__inv_2)
     5    0.01                           _0630_ (net)
                  0.07    0.00    2.10 ^ _3790_/A (sky130_fd_sc_hd__nor2_2)
                  0.05    0.06    2.17 v _3790_/Y (sky130_fd_sc_hd__nor2_2)
     8    0.02                           _0652_ (net)
                  0.05    0.00    2.17 v _4173_/B1 (sky130_fd_sc_hd__o21a_2)
                  0.02    0.10    2.27 v _4173_/X (sky130_fd_sc_hd__o21a_2)
     1    0.00                           _3280_ (net)
                  0.02    0.00    2.27 v _4233_/A2 (sky130_fd_sc_hd__a211o_2)
                  0.12    0.39    2.66 v _4233_/X (sky130_fd_sc_hd__a211o_2)
     2    0.03                           result[7] (net)
                  0.12    0.00    2.66 v result[7] (out)
                                  2.66   data arrival time

                  0.00    0.00    0.00   clock __VIRTUAL_CLK__ (rise edge)
                          0.00    0.00   clock network delay (ideal)
                          0.25    0.25   clock uncertainty
                          0.00    0.25   clock reconvergence pessimism
                         -2.00   -1.75   output external delay
                                 -1.75   data required time
-----------------------------------------------------------------------------
                                 -1.75   data required time
                                 -2.66   data arrival time
-----------------------------------------------------------------------------
                                  4.41   slack (MET)


Startpoint: control[0] (input port clocked by __VIRTUAL_CLK__)
Endpoint: result[1] (output port clocked by __VIRTUAL_CLK__)
Path Group: __VIRTUAL_CLK__
Path Type: min

Fanout     Cap    Slew   Delay    Time   Description
-----------------------------------------------------------------------------
                  0.00    0.00    0.00   clock __VIRTUAL_CLK__ (rise edge)
                          0.00    0.00   clock network delay (ideal)
                          2.00    2.00 ^ input external delay
                  0.10    0.06    2.06 ^ control[0] (in)
     9    0.02                           control[0] (net)
                  0.10    0.00    2.06 ^ _3839_/D (sky130_fd_sc_hd__and4bb_2)
                  0.14    0.29    2.36 ^ _3839_/X (sky130_fd_sc_hd__and4bb_2)
     7    0.02                           _1187_ (net)
                  0.14    0.00    2.36 ^ _7429_/B1 (sky130_fd_sc_hd__a221o_2)
                  0.03    0.15    2.51 ^ _7429_/X (sky130_fd_sc_hd__a221o_2)
     1    0.00                           _3054_ (net)
                  0.03    0.00    2.51 ^ _7436_/C1 (sky130_fd_sc_hd__a2111o_2)
                  0.17    0.18    2.69 ^ _7436_/X (sky130_fd_sc_hd__a2111o_2)
     2    0.04                           result[1] (net)
                  0.17    0.00    2.69 ^ result[1] (out)
                                  2.69   data arrival time

                  0.00    0.00    0.00   clock __VIRTUAL_CLK__ (rise edge)
                          0.00    0.00   clock network delay (ideal)
                          0.25    0.25   clock uncertainty
                          0.00    0.25   clock reconvergence pessimism
                         -2.00   -1.75   output external delay
                                 -1.75   data required time
-----------------------------------------------------------------------------
                                 -1.75   data required time
                                 -2.69   data arrival time
-----------------------------------------------------------------------------
                                  4.44   slack (MET)


Startpoint: control[0] (input port clocked by __VIRTUAL_CLK__)
Endpoint: result[20] (output port clocked by __VIRTUAL_CLK__)
Path Group: __VIRTUAL_CLK__
Path Type: min

Fanout     Cap    Slew   Delay    Time   Description
-----------------------------------------------------------------------------
                  0.00    0.00    0.00   clock __VIRTUAL_CLK__ (rise edge)
                          0.00    0.00   clock network delay (ideal)
                          2.00    2.00 ^ input external delay
                  0.10    0.06    2.06 ^ control[0] (in)
     9    0.02                           control[0] (net)
                  0.10    0.00    2.06 ^ _3788_/A (sky130_fd_sc_hd__inv_2)
                  0.04    0.06    2.12 v _3788_/Y (sky130_fd_sc_hd__inv_2)
     5    0.01                           _0630_ (net)
                  0.04    0.00    2.12 v _5160_/A (sky130_fd_sc_hd__nor2_2)
                  0.17    0.16    2.29 ^ _5160_/Y (sky130_fd_sc_hd__nor2_2)
     6    0.01                           _0575_ (net)
                  0.17    0.00    2.29 ^ _5578_/B2 (sky130_fd_sc_hd__a32o_2)
                  0.03    0.13    2.42 ^ _5578_/X (sky130_fd_sc_hd__a32o_2)
     1    0.00                           _1031_ (net)
                  0.03    0.00    2.42 ^ _5579_/B (sky130_fd_sc_hd__or2_2)
                  0.03    0.08    2.50 ^ _5579_/X (sky130_fd_sc_hd__or2_2)
     1    0.00                           _1032_ (net)
                  0.03    0.00    2.50 ^ _5689_/B1 (sky130_fd_sc_hd__a211o_2)
                  0.18    0.19    2.69 ^ _5689_/X (sky130_fd_sc_hd__a211o_2)
     2    0.04                           result[20] (net)
                  0.18    0.00    2.69 ^ result[20] (out)
                                  2.69   data arrival time

                  0.00    0.00    0.00   clock __VIRTUAL_CLK__ (rise edge)
                          0.00    0.00   clock network delay (ideal)
                          0.25    0.25   clock uncertainty
                          0.00    0.25   clock reconvergence pessimism
                         -2.00   -1.75   output external delay
                                 -1.75   data required time
-----------------------------------------------------------------------------
                                 -1.75   data required time
                                 -2.69   data arrival time
-----------------------------------------------------------------------------
                                  4.44   slack (MET)


Startpoint: control[0] (input port clocked by __VIRTUAL_CLK__)
Endpoint: result[16] (output port clocked by __VIRTUAL_CLK__)
Path Group: __VIRTUAL_CLK__
Path Type: min

Fanout     Cap    Slew   Delay    Time   Description
-----------------------------------------------------------------------------
                  0.00    0.00    0.00   clock __VIRTUAL_CLK__ (rise edge)
                          0.00    0.00   clock network delay (ideal)
                          2.00    2.00 ^ input external delay
                  0.10    0.06    2.06 ^ control[0] (in)
     9    0.02                           control[0] (net)
                  0.10    0.00    2.06 ^ _3788_/A (sky130_fd_sc_hd__inv_2)
                  0.04    0.06    2.12 v _3788_/Y (sky130_fd_sc_hd__inv_2)
     5    0.01                           _0630_ (net)
                  0.04    0.00    2.12 v _5160_/A (sky130_fd_sc_hd__nor2_2)
                  0.17    0.16    2.29 ^ _5160_/Y (sky130_fd_sc_hd__nor2_2)
     6    0.01                           _0575_ (net)
                  0.17    0.00    2.29 ^ _5161_/B2 (sky130_fd_sc_hd__a32o_2)
                  0.04    0.14    2.42 ^ _5161_/X (sky130_fd_sc_hd__a32o_2)
     1    0.00                           _0577_ (net)
                  0.04    0.00    2.42 ^ _5174_/B1 (sky130_fd_sc_hd__a211o_2)
                  0.03    0.08    2.50 ^ _5174_/X (sky130_fd_sc_hd__a211o_2)
     1    0.00                           _0591_ (net)
                  0.03    0.00    2.50 ^ _5175_/B1 (sky130_fd_sc_hd__a31o_2)
                  0.20    0.20    2.70 ^ _5175_/X (sky130_fd_sc_hd__a31o_2)
     2    0.04                           result[16] (net)
                  0.20    0.00    2.70 ^ result[16] (out)
                                  2.70   data arrival time

                  0.00    0.00    0.00   clock __VIRTUAL_CLK__ (rise edge)
                          0.00    0.00   clock network delay (ideal)
                          0.25    0.25   clock uncertainty
                          0.00    0.25   clock reconvergence pessimism
                         -2.00   -1.75   output external delay
                                 -1.75   data required time
-----------------------------------------------------------------------------
                                 -1.75   data required time
                                 -2.70   data arrival time
-----------------------------------------------------------------------------
                                  4.45   slack (MET)


Startpoint: A[10] (input port clocked by __VIRTUAL_CLK__)
Endpoint: result[10] (output port clocked by __VIRTUAL_CLK__)
Path Group: __VIRTUAL_CLK__
Path Type: min

Fanout     Cap    Slew   Delay    Time   Description
-----------------------------------------------------------------------------
                  0.00    0.00    0.00   clock __VIRTUAL_CLK__ (rise edge)
                          0.00    0.00   clock network delay (ideal)
                          2.00    2.00 ^ input external delay
                  0.07    0.04    2.04 ^ A[10] (in)
     5    0.01                           A[10] (net)
                  0.07    0.00    2.04 ^ _4469_/A (sky130_fd_sc_hd__and2_2)
                  0.12    0.19    2.23 ^ _4469_/X (sky130_fd_sc_hd__and2_2)
     7    0.02                           _3573_ (net)
                  0.12    0.00    2.23 ^ _4490_/A2 (sky130_fd_sc_hd__a221o_2)
                  0.03    0.14    2.38 ^ _4490_/X (sky130_fd_sc_hd__a221o_2)
     1    0.00                           _3594_ (net)
                  0.03    0.00    2.38 ^ _4503_/B (sky130_fd_sc_hd__or3b_2)
                  0.03    0.09    2.46 ^ _4503_/X (sky130_fd_sc_hd__or3b_2)
     1    0.00                           _3607_ (net)
                  0.03    0.00    2.46 ^ _4504_/B1 (sky130_fd_sc_hd__a31o_2)
                  0.03    0.08    2.54 ^ _4504_/X (sky130_fd_sc_hd__a31o_2)
     1    0.00                           _3608_ (net)
                  0.03    0.00    2.54 ^ _4505_/B1 (sky130_fd_sc_hd__a21o_2)
                  0.18    0.18    2.72 ^ _4505_/X (sky130_fd_sc_hd__a21o_2)
     2    0.04                           result[10] (net)
                  0.18    0.00    2.72 ^ result[10] (out)
                                  2.72   data arrival time

                  0.00    0.00    0.00   clock __VIRTUAL_CLK__ (rise edge)
                          0.00    0.00   clock network delay (ideal)
                          0.25    0.25   clock uncertainty
                          0.00    0.25   clock reconvergence pessimism
                         -2.00   -1.75   output external delay
                                 -1.75   data required time
-----------------------------------------------------------------------------
                                 -1.75   data required time
                                 -2.72   data arrival time
-----------------------------------------------------------------------------
                                  4.47   slack (MET)


Startpoint: B[8] (input port clocked by __VIRTUAL_CLK__)
Endpoint: result[9] (output port clocked by __VIRTUAL_CLK__)
Path Group: __VIRTUAL_CLK__
Path Type: min

Fanout     Cap    Slew   Delay    Time   Description
-----------------------------------------------------------------------------
                  0.00    0.00    0.00   clock __VIRTUAL_CLK__ (rise edge)
                          0.00    0.00   clock network delay (ideal)
                          2.00    2.00 ^ input external delay
                  0.03    0.02    2.02 ^ B[8] (in)
     3    0.01                           B[8] (net)
                  0.03    0.00    2.02 ^ _4282_/B (sky130_fd_sc_hd__and2_2)
                  0.11    0.18    2.20 ^ _4282_/X (sky130_fd_sc_hd__and2_2)
     7    0.02                           _3388_ (net)
                  0.11    0.00    2.20 ^ _4378_/B1_N (sky130_fd_sc_hd__o21ba_2)
                  0.03    0.17    2.36 v _4378_/X (sky130_fd_sc_hd__o21ba_2)
     2    0.01                           _3483_ (net)
                  0.03    0.00    2.36 v _4380_/B (sky130_fd_sc_hd__nand2_2)
                  0.03    0.05    2.41 ^ _4380_/Y (sky130_fd_sc_hd__nand2_2)
     1    0.00                           _3485_ (net)
                  0.03    0.00    2.41 ^ _4402_/A3 (sky130_fd_sc_hd__a31o_2)
                  0.03    0.13    2.54 ^ _4402_/X (sky130_fd_sc_hd__a31o_2)
     1    0.00                           _3507_ (net)
                  0.03    0.00    2.54 ^ _4403_/B1 (sky130_fd_sc_hd__a31o_2)
                  0.20    0.20    2.74 ^ _4403_/X (sky130_fd_sc_hd__a31o_2)
     2    0.04                           result[9] (net)
                  0.20    0.00    2.74 ^ result[9] (out)
                                  2.74   data arrival time

                  0.00    0.00    0.00   clock __VIRTUAL_CLK__ (rise edge)
                          0.00    0.00   clock network delay (ideal)
                          0.25    0.25   clock uncertainty
                          0.00    0.25   clock reconvergence pessimism
                         -2.00   -1.75   output external delay
                                 -1.75   data required time
-----------------------------------------------------------------------------
                                 -1.75   data required time
                                 -2.74   data arrival time
-----------------------------------------------------------------------------
                                  4.49   slack (MET)


Startpoint: control[1] (input port clocked by __VIRTUAL_CLK__)
Endpoint: result[27] (output port clocked by __VIRTUAL_CLK__)
Path Group: __VIRTUAL_CLK__
Path Type: min

Fanout     Cap    Slew   Delay    Time   Description
-----------------------------------------------------------------------------
                  0.00    0.00    0.00   clock __VIRTUAL_CLK__ (rise edge)
                          0.00    0.00   clock network delay (ideal)
                          2.00    2.00 v input external delay
                  0.03    0.02    2.02 v control[1] (in)
     6    0.01                           control[1] (net)
                  0.03    0.00    2.02 v _3837_/A (sky130_fd_sc_hd__buf_1)
                  0.10    0.13    2.15 v _3837_/X (sky130_fd_sc_hd__buf_1)
    10    0.02                           _1165_ (net)
                  0.10    0.00    2.15 v _4083_/D_N (sky130_fd_sc_hd__or4bb_2)
                  0.12    0.25    2.40 ^ _4083_/X (sky130_fd_sc_hd__or4bb_2)
     8    0.02                           _3192_ (net)
                  0.12    0.00    2.40 ^ _6717_/C1 (sky130_fd_sc_hd__a311o_2)
                  0.04    0.12    2.53 ^ _6717_/X (sky130_fd_sc_hd__a311o_2)
     1    0.00                           _2277_ (net)
                  0.04    0.00    2.53 ^ _6737_/A (sky130_fd_sc_hd__nand4_2)
                  0.30    0.23    2.75 v _6737_/Y (sky130_fd_sc_hd__nand4_2)
     2    0.04                           result[27] (net)
                  0.30    0.00    2.75 v result[27] (out)
                                  2.75   data arrival time

                  0.00    0.00    0.00   clock __VIRTUAL_CLK__ (rise edge)
                          0.00    0.00   clock network delay (ideal)
                          0.25    0.25   clock uncertainty
                          0.00    0.25   clock reconvergence pessimism
                         -2.00   -1.75   output external delay
                                 -1.75   data required time
-----------------------------------------------------------------------------
                                 -1.75   data required time
                                 -2.75   data arrival time
-----------------------------------------------------------------------------
                                  4.50   slack (MET)


Startpoint: B[11] (input port clocked by __VIRTUAL_CLK__)
Endpoint: result[13] (output port clocked by __VIRTUAL_CLK__)
Path Group: __VIRTUAL_CLK__
Path Type: min

Fanout     Cap    Slew   Delay    Time   Description
-----------------------------------------------------------------------------
                  0.00    0.00    0.00   clock __VIRTUAL_CLK__ (rise edge)
                          0.00    0.00   clock network delay (ideal)
                          2.00    2.00 ^ input external delay
                  0.05    0.03    2.03 ^ B[11] (in)
     5    0.01                           B[11] (net)
                  0.05    0.00    2.03 ^ _4606_/B (sky130_fd_sc_hd__and2_2)
                  0.08    0.16    2.19 ^ _4606_/X (sky130_fd_sc_hd__and2_2)
     4    0.01                           _3709_ (net)
                  0.08    0.00    2.19 ^ _4622_/A1 (sky130_fd_sc_hd__o21ba_2)
                  0.06    0.15    2.34 ^ _4622_/X (sky130_fd_sc_hd__o21ba_2)
     3    0.01                           _3724_ (net)
                  0.06    0.00    2.34 ^ _4802_/B (sky130_fd_sc_hd__or3b_2)
                  0.03    0.10    2.44 ^ _4802_/X (sky130_fd_sc_hd__or3b_2)
     1    0.00                           _0185_ (net)
                  0.03    0.00    2.44 ^ _4821_/A2 (sky130_fd_sc_hd__a31o_2)
                  0.03    0.12    2.56 ^ _4821_/X (sky130_fd_sc_hd__a31o_2)
     1    0.00                           _0206_ (net)
                  0.03    0.00    2.56 ^ _4822_/C1 (sky130_fd_sc_hd__a311o_2)
                  0.19    0.20    2.76 ^ _4822_/X (sky130_fd_sc_hd__a311o_2)
     2    0.04                           result[13] (net)
                  0.19    0.00    2.76 ^ result[13] (out)
                                  2.76   data arrival time

                  0.00    0.00    0.00   clock __VIRTUAL_CLK__ (rise edge)
                          0.00    0.00   clock network delay (ideal)
                          0.25    0.25   clock uncertainty
                          0.00    0.25   clock reconvergence pessimism
                         -2.00   -1.75   output external delay
                                 -1.75   data required time
-----------------------------------------------------------------------------
                                 -1.75   data required time
                                 -2.76   data arrival time
-----------------------------------------------------------------------------
                                  4.51   slack (MET)


Startpoint: A[31] (input port clocked by __VIRTUAL_CLK__)
Endpoint: result[25] (output port clocked by __VIRTUAL_CLK__)
Path Group: __VIRTUAL_CLK__
Path Type: min

Fanout     Cap    Slew   Delay    Time   Description
-----------------------------------------------------------------------------
                  0.00    0.00    0.00   clock __VIRTUAL_CLK__ (rise edge)
                          0.00    0.00   clock network delay (ideal)
                          2.00    2.00 ^ input external delay
                  0.06    0.04    2.04 ^ A[31] (in)
     6    0.01                           A[31] (net)
                  0.06    0.00    2.04 ^ _4052_/A (sky130_fd_sc_hd__and3_2)
                  0.13    0.22    2.26 ^ _4052_/X (sky130_fd_sc_hd__and3_2)
    10    0.02                           _3161_ (net)
                  0.13    0.00    2.26 ^ _6250_/B1 (sky130_fd_sc_hd__o31a_2)
                  0.04    0.15    2.41 ^ _6250_/X (sky130_fd_sc_hd__o31a_2)
     2    0.00                           _1766_ (net)
                  0.04    0.00    2.41 ^ _6415_/A (sky130_fd_sc_hd__or4b_2)
                  0.03    0.10    2.51 ^ _6415_/X (sky130_fd_sc_hd__or4b_2)
     1    0.00                           _1947_ (net)
                  0.03    0.00    2.51 ^ _6416_/B1 (sky130_fd_sc_hd__a31o_2)
                  0.03    0.08    2.59 ^ _6416_/X (sky130_fd_sc_hd__a31o_2)
     1    0.00                           _1948_ (net)
                  0.03    0.00    2.59 ^ _6417_/C1 (sky130_fd_sc_hd__a211o_2)
                  0.17    0.18    2.76 ^ _6417_/X (sky130_fd_sc_hd__a211o_2)
     2    0.04                           result[25] (net)
                  0.17    0.00    2.76 ^ result[25] (out)
                                  2.76   data arrival time

                  0.00    0.00    0.00   clock __VIRTUAL_CLK__ (rise edge)
                          0.00    0.00   clock network delay (ideal)
                          0.25    0.25   clock uncertainty
                          0.00    0.25   clock reconvergence pessimism
                         -2.00   -1.75   output external delay
                                 -1.75   data required time
-----------------------------------------------------------------------------
                                 -1.75   data required time
                                 -2.76   data arrival time
-----------------------------------------------------------------------------
                                  4.51   slack (MET)


Startpoint: control[0] (input port clocked by __VIRTUAL_CLK__)
Endpoint: result[22] (output port clocked by __VIRTUAL_CLK__)
Path Group: __VIRTUAL_CLK__
Path Type: min

Fanout     Cap    Slew   Delay    Time   Description
-----------------------------------------------------------------------------
                  0.00    0.00    0.00   clock __VIRTUAL_CLK__ (rise edge)
                          0.00    0.00   clock network delay (ideal)
                          2.00    2.00 v input external delay
                  0.04    0.03    2.03 v control[0] (in)
     9    0.02                           control[0] (net)
                  0.04    0.00    2.03 v _3788_/A (sky130_fd_sc_hd__inv_2)
                  0.07    0.07    2.10 ^ _3788_/Y (sky130_fd_sc_hd__inv_2)
     5    0.01                           _0630_ (net)
                  0.07    0.00    2.10 ^ _3790_/A (sky130_fd_sc_hd__nor2_2)
                  0.05    0.06    2.17 v _3790_/Y (sky130_fd_sc_hd__nor2_2)
     8    0.02                           _0652_ (net)
                  0.05    0.00    2.17 v _4467_/A (sky130_fd_sc_hd__buf_1)
                  0.16    0.18    2.35 v _4467_/X (sky130_fd_sc_hd__buf_1)
    10    0.03                           _3571_ (net)
                  0.16    0.00    2.35 v _5957_/A1 (sky130_fd_sc_hd__a311o_2)
                  0.13    0.43    2.78 v _5957_/X (sky130_fd_sc_hd__a311o_2)
     2    0.03                           result[22] (net)
                  0.13    0.00    2.78 v result[22] (out)
                                  2.78   data arrival time

                  0.00    0.00    0.00   clock __VIRTUAL_CLK__ (rise edge)
                          0.00    0.00   clock network delay (ideal)
                          0.25    0.25   clock uncertainty
                          0.00    0.25   clock reconvergence pessimism
                         -2.00   -1.75   output external delay
                                 -1.75   data required time
-----------------------------------------------------------------------------
                                 -1.75   data required time
                                 -2.78   data arrival time
-----------------------------------------------------------------------------
                                  4.53   slack (MET)


Startpoint: control[0] (input port clocked by __VIRTUAL_CLK__)
Endpoint: result[28] (output port clocked by __VIRTUAL_CLK__)
Path Group: __VIRTUAL_CLK__
Path Type: min

Fanout     Cap    Slew   Delay    Time   Description
-----------------------------------------------------------------------------
                  0.00    0.00    0.00   clock __VIRTUAL_CLK__ (rise edge)
                          0.00    0.00   clock network delay (ideal)
                          2.00    2.00 ^ input external delay
                  0.10    0.06    2.06 ^ control[0] (in)
     9    0.02                           control[0] (net)
                  0.10    0.00    2.06 ^ _3788_/A (sky130_fd_sc_hd__inv_2)
                  0.04    0.06    2.12 v _3788_/Y (sky130_fd_sc_hd__inv_2)
     5    0.01                           _0630_ (net)
                  0.04    0.00    2.12 v _5160_/A (sky130_fd_sc_hd__nor2_2)
                  0.17    0.16    2.29 ^ _5160_/Y (sky130_fd_sc_hd__nor2_2)
     6    0.01                           _0575_ (net)
                  0.17    0.00    2.29 ^ _6759_/B2 (sky130_fd_sc_hd__a2bb2o_2)
                  0.03    0.17    2.46 ^ _6759_/X (sky130_fd_sc_hd__a2bb2o_2)
     1    0.00                           _2322_ (net)
                  0.03    0.00    2.46 ^ _6760_/C1 (sky130_fd_sc_hd__a211o_2)
                  0.03    0.07    2.53 ^ _6760_/X (sky130_fd_sc_hd__a211o_2)
     1    0.00                           _2323_ (net)
                  0.03    0.00    2.53 ^ _6761_/B1 (sky130_fd_sc_hd__a31o_2)
                  0.03    0.08    2.61 ^ _6761_/X (sky130_fd_sc_hd__a31o_2)
     1    0.00                           _2325_ (net)
                  0.03    0.00    2.61 ^ _6920_/B1 (sky130_fd_sc_hd__a211o_2)
                  0.17    0.18    2.79 ^ _6920_/X (sky130_fd_sc_hd__a211o_2)
     2    0.03                           result[28] (net)
                  0.17    0.00    2.79 ^ result[28] (out)
                                  2.79   data arrival time

                  0.00    0.00    0.00   clock __VIRTUAL_CLK__ (rise edge)
                          0.00    0.00   clock network delay (ideal)
                          0.25    0.25   clock uncertainty
                          0.00    0.25   clock reconvergence pessimism
                         -2.00   -1.75   output external delay
                                 -1.75   data required time
-----------------------------------------------------------------------------
                                 -1.75   data required time
                                 -2.79   data arrival time
-----------------------------------------------------------------------------
                                  4.54   slack (MET)


Startpoint: B[29] (input port clocked by __VIRTUAL_CLK__)
Endpoint: result[29] (output port clocked by __VIRTUAL_CLK__)
Path Group: __VIRTUAL_CLK__
Path Type: min

Fanout     Cap    Slew   Delay    Time   Description
-----------------------------------------------------------------------------
                  0.00    0.00    0.00   clock __VIRTUAL_CLK__ (rise edge)
                          0.00    0.00   clock network delay (ideal)
                          2.00    2.00 v input external delay
                  0.05    0.03    2.03 v B[29] (in)
     9    0.02                           B[29] (net)
                  0.05    0.00    2.03 v _7077_/B (sky130_fd_sc_hd__nor2_2)
                  0.11    0.10    2.13 ^ _7077_/Y (sky130_fd_sc_hd__nor2_2)
     2    0.01                           _2671_ (net)
                  0.11    0.00    2.13 ^ _7078_/B (sky130_fd_sc_hd__nor2_2)
                  0.06    0.08    2.21 v _7078_/Y (sky130_fd_sc_hd__nor2_2)
     6    0.02                           _2672_ (net)
                  0.06    0.00    2.21 v _7080_/A1 (sky130_fd_sc_hd__a21oi_2)
                  0.07    0.10    2.31 ^ _7080_/Y (sky130_fd_sc_hd__a21oi_2)
     1    0.00                           _2674_ (net)
                  0.07    0.00    2.31 ^ _7081_/B1 (sky130_fd_sc_hd__o21a_2)
                  0.05    0.13    2.44 ^ _7081_/X (sky130_fd_sc_hd__o21a_2)
     2    0.01                           _2676_ (net)
                  0.05    0.00    2.44 ^ _7097_/B (sky130_fd_sc_hd__or3b_2)
                  0.03    0.09    2.53 ^ _7097_/X (sky130_fd_sc_hd__or3b_2)
     1    0.00                           _2693_ (net)
                  0.03    0.00    2.53 ^ _7098_/A (sky130_fd_sc_hd__buf_1)
                  0.40    0.30    2.83 ^ _7098_/X (sky130_fd_sc_hd__buf_1)
     1    0.03                           result[29] (net)
                  0.40    0.00    2.83 ^ result[29] (out)
                                  2.83   data arrival time

                  0.00    0.00    0.00   clock __VIRTUAL_CLK__ (rise edge)
                          0.00    0.00   clock network delay (ideal)
                          0.25    0.25   clock uncertainty
                          0.00    0.25   clock reconvergence pessimism
                         -2.00   -1.75   output external delay
                                 -1.75   data required time
-----------------------------------------------------------------------------
                                 -1.75   data required time
                                 -2.83   data arrival time
-----------------------------------------------------------------------------
                                  4.58   slack (MET)


Startpoint: B[30] (input port clocked by __VIRTUAL_CLK__)
Endpoint: zero_flag (output port clocked by __VIRTUAL_CLK__)
Path Group: __VIRTUAL_CLK__
Path Type: min

Fanout     Cap    Slew   Delay    Time   Description
-----------------------------------------------------------------------------
                  0.00    0.00    0.00   clock __VIRTUAL_CLK__ (rise edge)
                          0.00    0.00   clock network delay (ideal)
                          2.00    2.00 v input external delay
                  0.05    0.03    2.03 v B[30] (in)
     6    0.02                           B[30] (net)
                  0.05    0.00    2.03 v _7260_/B (sky130_fd_sc_hd__nand2_2)
                  0.08    0.09    2.12 ^ _7260_/Y (sky130_fd_sc_hd__nand2_2)
     3    0.01                           _2871_ (net)
                  0.08    0.00    2.12 ^ _7274_/A1 (sky130_fd_sc_hd__a31o_2)
                  0.03    0.13    2.24 ^ _7274_/X (sky130_fd_sc_hd__a31o_2)
     1    0.00                           _2885_ (net)
                  0.03    0.00    2.24 ^ _7275_/B (sky130_fd_sc_hd__or2_2)
                  0.05    0.10    2.34 ^ _7275_/X (sky130_fd_sc_hd__or2_2)
     2    0.01                           _2886_ (net)
                  0.05    0.00    2.34 ^ _7497_/B (sky130_fd_sc_hd__and4b_2)
                  0.05    0.18    2.53 ^ _7497_/X (sky130_fd_sc_hd__and4b_2)
     1    0.00                           _3125_ (net)
                  0.05    0.00    2.53 ^ _7498_/A (sky130_fd_sc_hd__buf_1)
                  0.40    0.31    2.83 ^ _7498_/X (sky130_fd_sc_hd__buf_1)
     1    0.03                           zero_flag (net)
                  0.40    0.00    2.83 ^ zero_flag (out)
                                  2.83   data arrival time

                  0.00    0.00    0.00   clock __VIRTUAL_CLK__ (rise edge)
                          0.00    0.00   clock network delay (ideal)
                          0.25    0.25   clock uncertainty
                          0.00    0.25   clock reconvergence pessimism
                         -2.00   -1.75   output external delay
                                 -1.75   data required time
-----------------------------------------------------------------------------
                                 -1.75   data required time
                                 -2.83   data arrival time
-----------------------------------------------------------------------------
                                  4.58   slack (MET)


Startpoint: control[0] (input port clocked by __VIRTUAL_CLK__)
Endpoint: result[12] (output port clocked by __VIRTUAL_CLK__)
Path Group: __VIRTUAL_CLK__
Path Type: min

Fanout     Cap    Slew   Delay    Time   Description
-----------------------------------------------------------------------------
                  0.00    0.00    0.00   clock __VIRTUAL_CLK__ (rise edge)
                          0.00    0.00   clock network delay (ideal)
                          2.00    2.00 ^ input external delay
                  0.10    0.06    2.06 ^ control[0] (in)
     9    0.02                           control[0] (net)
                  0.10    0.00    2.06 ^ _3788_/A (sky130_fd_sc_hd__inv_2)
                  0.04    0.06    2.12 v _3788_/Y (sky130_fd_sc_hd__inv_2)
     5    0.01                           _0630_ (net)
                  0.04    0.00    2.12 v _3790_/A (sky130_fd_sc_hd__nor2_2)
                  0.22    0.20    2.32 ^ _3790_/Y (sky130_fd_sc_hd__nor2_2)
     8    0.02                           _0652_ (net)
                  0.22    0.00    2.32 ^ _4713_/A1 (sky130_fd_sc_hd__a32o_2)
                  0.03    0.18    2.50 ^ _4713_/X (sky130_fd_sc_hd__a32o_2)
     1    0.00                           _0088_ (net)
                  0.03    0.00    2.50 ^ _4714_/D (sky130_fd_sc_hd__or4_2)
                  0.03    0.09    2.59 ^ _4714_/X (sky130_fd_sc_hd__or4_2)
     1    0.00                           _0089_ (net)
                  0.03    0.00    2.59 ^ _4715_/A (sky130_fd_sc_hd__buf_1)
                  0.41    0.31    2.90 ^ _4715_/X (sky130_fd_sc_hd__buf_1)
     2    0.03                           result[12] (net)
                  0.41    0.00    2.90 ^ result[12] (out)
                                  2.90   data arrival time

                  0.00    0.00    0.00   clock __VIRTUAL_CLK__ (rise edge)
                          0.00    0.00   clock network delay (ideal)
                          0.25    0.25   clock uncertainty
                          0.00    0.25   clock reconvergence pessimism
                         -2.00   -1.75   output external delay
                                 -1.75   data required time
-----------------------------------------------------------------------------
                                 -1.75   data required time
                                 -2.90   data arrival time
-----------------------------------------------------------------------------
                                  4.65   slack (MET)


Startpoint: control[0] (input port clocked by __VIRTUAL_CLK__)
Endpoint: result[19] (output port clocked by __VIRTUAL_CLK__)
Path Group: __VIRTUAL_CLK__
Path Type: min

Fanout     Cap    Slew   Delay    Time   Description
-----------------------------------------------------------------------------
                  0.00    0.00    0.00   clock __VIRTUAL_CLK__ (rise edge)
                          0.00    0.00   clock network delay (ideal)
                          2.00    2.00 ^ input external delay
                  0.10    0.06    2.06 ^ control[0] (in)
     9    0.02                           control[0] (net)
                  0.10    0.00    2.06 ^ _3788_/A (sky130_fd_sc_hd__inv_2)
                  0.04    0.06    2.12 v _3788_/Y (sky130_fd_sc_hd__inv_2)
     5    0.01                           _0630_ (net)
                  0.04    0.00    2.12 v _5160_/A (sky130_fd_sc_hd__nor2_2)
                  0.17    0.16    2.29 ^ _5160_/Y (sky130_fd_sc_hd__nor2_2)
     6    0.01                           _0575_ (net)
                  0.17    0.00    2.29 ^ _5451_/B1 (sky130_fd_sc_hd__o21a_2)
                  0.03    0.14    2.43 ^ _5451_/X (sky130_fd_sc_hd__o21a_2)
     1    0.00                           _0893_ (net)
                  0.03    0.00    2.43 ^ _5452_/C1 (sky130_fd_sc_hd__a311o_2)
                  0.03    0.08    2.51 ^ _5452_/X (sky130_fd_sc_hd__a311o_2)
     1    0.00                           _0894_ (net)
                  0.03    0.00    2.51 ^ _5554_/B (sky130_fd_sc_hd__or3_2)
                  0.03    0.08    2.59 ^ _5554_/X (sky130_fd_sc_hd__or3_2)
     1    0.00                           _1006_ (net)
                  0.03    0.00    2.59 ^ _5555_/A (sky130_fd_sc_hd__buf_1)
                  0.45    0.33    2.93 ^ _5555_/X (sky130_fd_sc_hd__buf_1)
     2    0.04                           result[19] (net)
                  0.45    0.00    2.93 ^ result[19] (out)
                                  2.93   data arrival time

                  0.00    0.00    0.00   clock __VIRTUAL_CLK__ (rise edge)
                          0.00    0.00   clock network delay (ideal)
                          0.25    0.25   clock uncertainty
                          0.00    0.25   clock reconvergence pessimism
                         -2.00   -1.75   output external delay
                                 -1.75   data required time
-----------------------------------------------------------------------------
                                 -1.75   data required time
                                 -2.93   data arrival time
-----------------------------------------------------------------------------
                                  4.68   slack (MET)


Startpoint: control[2] (input port clocked by __VIRTUAL_CLK__)
Endpoint: result[24] (output port clocked by __VIRTUAL_CLK__)
Path Group: __VIRTUAL_CLK__
Path Type: min

Fanout     Cap    Slew   Delay    Time   Description
-----------------------------------------------------------------------------
                  0.00    0.00    0.00   clock __VIRTUAL_CLK__ (rise edge)
                          0.00    0.00   clock network delay (ideal)
                          2.00    2.00 ^ input external delay
                  0.05    0.03    2.03 ^ control[2] (in)
     6    0.01                           control[2] (net)
                  0.05    0.00    2.03 ^ _3808_/C (sky130_fd_sc_hd__and4bb_2)
                  0.14    0.28    2.31 ^ _3808_/X (sky130_fd_sc_hd__and4bb_2)
     7    0.02                           _0849_ (net)
                  0.14    0.00    2.31 ^ _6245_/C1 (sky130_fd_sc_hd__o211a_2)
                  0.03    0.17    2.48 ^ _6245_/X (sky130_fd_sc_hd__o211a_2)
     1    0.00                           _1761_ (net)
                  0.03    0.00    2.48 ^ _6252_/A (sky130_fd_sc_hd__or4_2)
                  0.02    0.09    2.56 ^ _6252_/X (sky130_fd_sc_hd__or4_2)
     1    0.00                           _1769_ (net)
                  0.02    0.00    2.56 ^ _6267_/C (sky130_fd_sc_hd__or4_2)
                  0.03    0.09    2.65 ^ _6267_/X (sky130_fd_sc_hd__or4_2)
     1    0.00                           _1785_ (net)
                  0.03    0.00    2.65 ^ _6268_/A (sky130_fd_sc_hd__buf_1)
                  0.41    0.31    2.96 ^ _6268_/X (sky130_fd_sc_hd__buf_1)
     2    0.04                           result[24] (net)
                  0.41    0.00    2.96 ^ result[24] (out)
                                  2.96   data arrival time

                  0.00    0.00    0.00   clock __VIRTUAL_CLK__ (rise edge)
                          0.00    0.00   clock network delay (ideal)
                          0.25    0.25   clock uncertainty
                          0.00    0.25   clock reconvergence pessimism
                         -2.00   -1.75   output external delay
                                 -1.75   data required time
-----------------------------------------------------------------------------
                                 -1.75   data required time
                                 -2.96   data arrival time
-----------------------------------------------------------------------------
                                  4.71   slack (MET)


Startpoint: control[0] (input port clocked by __VIRTUAL_CLK__)
Endpoint: result[6] (output port clocked by __VIRTUAL_CLK__)
Path Group: __VIRTUAL_CLK__
Path Type: min

Fanout     Cap    Slew   Delay    Time   Description
-----------------------------------------------------------------------------
                  0.00    0.00    0.00   clock __VIRTUAL_CLK__ (rise edge)
                          0.00    0.00   clock network delay (ideal)
                          2.00    2.00 ^ input external delay
                  0.10    0.06    2.06 ^ control[0] (in)
     9    0.02                           control[0] (net)
                  0.10    0.00    2.06 ^ _3839_/D (sky130_fd_sc_hd__and4bb_2)
                  0.14    0.29    2.36 ^ _3839_/X (sky130_fd_sc_hd__and4bb_2)
     7    0.02                           _1187_ (net)
                  0.14    0.00    2.36 ^ _4097_/A1 (sky130_fd_sc_hd__o22a_2)
                  0.03    0.15    2.51 ^ _4097_/X (sky130_fd_sc_hd__o22a_2)
     1    0.00                           _3205_ (net)
                  0.03    0.00    2.51 ^ _4098_/C1 (sky130_fd_sc_hd__a221o_2)
                  0.03    0.08    2.59 ^ _4098_/X (sky130_fd_sc_hd__a221o_2)
     1    0.00                           _3206_ (net)
                  0.03    0.00    2.59 ^ _4161_/A (sky130_fd_sc_hd__or3_2)
                  0.03    0.09    2.67 ^ _4161_/X (sky130_fd_sc_hd__or3_2)
     1    0.00                           _3269_ (net)
                  0.03    0.00    2.67 ^ _4162_/A (sky130_fd_sc_hd__buf_1)
                  0.42    0.31    2.99 ^ _4162_/X (sky130_fd_sc_hd__buf_1)
     2    0.04                           result[6] (net)
                  0.42    0.00    2.99 ^ result[6] (out)
                                  2.99   data arrival time

                  0.00    0.00    0.00   clock __VIRTUAL_CLK__ (rise edge)
                          0.00    0.00   clock network delay (ideal)
                          0.25    0.25   clock uncertainty
                          0.00    0.25   clock reconvergence pessimism
                         -2.00   -1.75   output external delay
                                 -1.75   data required time
-----------------------------------------------------------------------------
                                 -1.75   data required time
                                 -2.99   data arrival time
-----------------------------------------------------------------------------
                                  4.74   slack (MET)


Startpoint: A[31] (input port clocked by __VIRTUAL_CLK__)
Endpoint: result[26] (output port clocked by __VIRTUAL_CLK__)
Path Group: __VIRTUAL_CLK__
Path Type: min

Fanout     Cap    Slew   Delay    Time   Description
-----------------------------------------------------------------------------
                  0.00    0.00    0.00   clock __VIRTUAL_CLK__ (rise edge)
                          0.00    0.00   clock network delay (ideal)
                          2.00    2.00 ^ input external delay
                  0.06    0.04    2.04 ^ A[31] (in)
     6    0.01                           A[31] (net)
                  0.06    0.00    2.04 ^ _3919_/A1 (sky130_fd_sc_hd__mux2_2)
                  0.07    0.16    2.20 ^ _3919_/X (sky130_fd_sc_hd__mux2_2)
     5    0.01                           _2062_ (net)
                  0.07    0.00    2.20 ^ _4480_/A1 (sky130_fd_sc_hd__a22o_2)
                  0.06    0.15    2.35 ^ _4480_/X (sky130_fd_sc_hd__a22o_2)
     3    0.01                           _3584_ (net)
                  0.06    0.00    2.35 ^ _4481_/B (sky130_fd_sc_hd__nand2_2)
                  0.04    0.05    2.40 v _4481_/Y (sky130_fd_sc_hd__nand2_2)
     2    0.01                           _3585_ (net)
                  0.04    0.00    2.40 v _6577_/A2 (sky130_fd_sc_hd__o21a_2)
                  0.02    0.17    2.57 v _6577_/X (sky130_fd_sc_hd__o21a_2)
     1    0.00                           _2124_ (net)
                  0.02    0.00    2.57 v _6578_/C_N (sky130_fd_sc_hd__or3b_2)
                  0.03    0.16    2.73 ^ _6578_/X (sky130_fd_sc_hd__or3b_2)
     1    0.00                           _2125_ (net)
                  0.03    0.00    2.73 ^ _6579_/A (sky130_fd_sc_hd__buf_1)
                  0.42    0.31    3.04 ^ _6579_/X (sky130_fd_sc_hd__buf_1)
     2    0.04                           result[26] (net)
                  0.42    0.00    3.04 ^ result[26] (out)
                                  3.04   data arrival time

                  0.00    0.00    0.00   clock __VIRTUAL_CLK__ (rise edge)
                          0.00    0.00   clock network delay (ideal)
                          0.25    0.25   clock uncertainty
                          0.00    0.25   clock reconvergence pessimism
                         -2.00   -1.75   output external delay
                                 -1.75   data required time
-----------------------------------------------------------------------------
                                 -1.75   data required time
                                 -3.04   data arrival time
-----------------------------------------------------------------------------
                                  4.79   slack (MET)



